
======================================================================
第二部分  特征工程
======================================================================
  特征构造：原始 1827 天 -> 有效 1797 天（前 30 天因滞后/窗口特征缺测被剔除）
  自变量个数：81（剔除常量列 ['Swe']）

【1. 时间序列特征提取】
    季节/月份编码     :   8 个
    滞后特征        :  36 个
    窗口特征        :  25 个
    派生气象特征      :   6 个
    原始气象因子      :   6 个

【2. 特征归一化】
[figure] C:\Users\何\Desktop\机器学习课程实践\output\figures\fig7_归一化对比.png
 归一化方法   变换后最小值     变换后最大值    变换后均值    变换后标准差 是否受量纲影响         是否受异常值影响
  原始数据 -30.7100 55608.4500 795.1102 4911.5047       是                是
MinMax   0.0000     1.0000   0.2982    0.2941       否 是（min/max 由极值决定）
ZScore  -3.0912    12.7261  -0.0000    1.0000       否      较小（由均值方差决定）

【3. 特征选择】
  特征选择：共 81 个候选特征，按互信息法保留前 40 个
  互信息 Top10：['Discharge_roll3_max', 'Discharge_roll3_mean', 'Discharge_lag1', 'Discharge_roll7_max', 'Discharge_roll7_mean', 'Discharge_lag2', 'Discharge_roll14_max', 'Discharge_roll14_mean', 'Discharge_lag3', 'Discharge_roll30_max']
[figure] C:\Users\何\Desktop\机器学习课程实践\output\figures\fig8_特征选择.png
[figure] C:\Users\何\Desktop\机器学习课程实践\output\figures\fig9_特征类别贡献.png
[figure] C:\Users\何\Desktop\机器学习课程实践\output\figures\fig10_特征散点.png

第二部分完成

======================================================================
第三部分  径流多步预测
======================================================================
特征数：40   序列长度(LSTM)：30
训练期：2000-02-29 ~ 2003-12-31（1402 天）
测试期：2004-01-01 ~ 2004-12-31（366 天）
评估起始日：359 天（2004-01-01 ~ 2004-12-24）

【1. 个体模型训练（含 GridSearchCV 超参数寻优）】

  --- 人工神经网络 (ANN/MLP) × 多步直接预测 ---
    [直接] ANN   h=1  训练样本=1401  最优=alpha=0.0001, hidden_layer_sizes=(64,), lea...   用时   41.0s
    [直接] ANN   h=2  训练样本=1400  最优=alpha=0.01, hidden_layer_sizes=(128,), lear...   用时   55.8s
    [直接] ANN   h=3  训练样本=1399  最优=alpha=0.01, hidden_layer_sizes=(128,), lear...   用时   49.0s
    [直接] ANN   h=4  训练样本=1398  最优=alpha=0.0001, hidden_layer_sizes=(128,), le...   用时   54.0s
    [直接] ANN   h=5  训练样本=1397  最优=alpha=0.01, hidden_layer_sizes=(128, 64), l...   用时   44.7s
    [直接] ANN   h=6  训练样本=1396  最优=alpha=0.0001, hidden_layer_sizes=(64,), lea...   用时   16.4s
    [直接] ANN   h=7  训练样本=1395  最优=alpha=0.0001, hidden_layer_sizes=(128,), le...   用时   17.7s

  --- 人工神经网络 (ANN/MLP) × 多输出预测 ---
D:\anaconda3\Lib\site-packages\sklearn\neural_network\_multilayer_perceptron.py:691: ConvergenceWarning: Stochastic Optimizer: Maximum iterations (800) reached and the optimization hasn't converged yet.
  warnings.warn(
D:\anaconda3\Lib\site-packages\sklearn\neural_network\_multilayer_perceptron.py:691: ConvergenceWarning: Stochastic Optimizer: Maximum iterations (800) reached and the optimization hasn't converged yet.
  warnings.warn(
    [多输出] ANN   训练样本=1395  最优=alpha=0.01, hidden_layer_sizes=(128,), lear...   用时   39.3s

  --- 随机森林 (RF) × 多步直接预测 ---
    [直接] RF    h=1  训练样本=1401  最优=max_depth=12, min_samples_leaf=3, n_estimat...   用时   12.4s
    [直接] RF    h=2  训练样本=1400  最优=max_depth=12, min_samples_leaf=3, n_estimat...   用时   11.3s
    [直接] RF    h=3  训练样本=1399  最优=max_depth=20, min_samples_leaf=3, n_estimat...   用时   10.8s
    [直接] RF    h=4  训练样本=1398  最优=max_depth=12, min_samples_leaf=3, n_estimat...   用时   10.6s
    [直接] RF    h=5  训练样本=1397  最优=max_depth=20, min_samples_leaf=3, n_estimat...   用时   10.8s
    [直接] RF    h=6  训练样本=1396  最优=max_depth=None, min_samples_leaf=3, n_estim...   用时   10.9s
    [直接] RF    h=7  训练样本=1395  最优=max_depth=12, min_samples_leaf=3, n_estimat...   用时   11.4s

  --- 随机森林 (RF) × 多输出预测 ---
    [多输出] RF    训练样本=1395  最优=max_depth=20, min_samples_leaf=3, n_estimat...   用时   11.6s

  --- 长短期记忆网络 (LSTM) × 多步直接预测 ---
    [直接] LSTM  h=1  训练样本=1401  最优=dropout=0.1, lr=0.005, units=(32,)               用时   74.0s
    [直接] LSTM  h=2  训练样本=1400  最优=dropout=0.3, lr=0.005, units=(32,)               用时   73.1s
    [直接] LSTM  h=3  训练样本=1399  最优=dropout=0.1, lr=0.005, units=(32,)               用时   66.5s
    [直接] LSTM  h=4  训练样本=1398  最优=dropout=0.3, lr=0.005, units=(32,)               用时   66.7s
    [直接] LSTM  h=5  训练样本=1397  最优=dropout=0.1, lr=0.005, units=(32,)               用时   69.1s
    [直接] LSTM  h=6  训练样本=1396  最优=dropout=0.3, lr=0.005, units=(32,)               用时   68.9s
    [直接] LSTM  h=7  训练样本=1395  最优=dropout=0.1, lr=0.005, units=(32,)               用时   73.0s

  --- 长短期记忆网络 (LSTM) × 多输出预测 ---
    [多输出] LSTM  训练样本=1395  最优=dropout=0.3, lr=0.005, units=(32,)               用时   73.2s

【2. 集成学习模型】

  --- 多步直接预测 ---
    [集成] 简单平均 —— 对 3 个个体模型的预测取算术平均
    [Stacking-direct] h=1 元学习器系数=[ 0.346  0.826 -0.117] 截距=-0.0488
    [Stacking-direct] h=2 元学习器系数=[ 0.163  0.984 -0.121] 截距=-0.1148
    [Stacking-direct] h=3 元学习器系数=[ 0.127  0.952 -0.031] 截距=-0.1210
    [Stacking-direct] h=4 元学习器系数=[ 0.285  0.922 -0.216] 截距=-0.1286
    [Stacking-direct] h=5 元学习器系数=[ 0.174  0.959 -0.102] 截距=-0.1270
    [Stacking-direct] h=6 元学习器系数=[ 0.244  0.979 -0.274] 截距=-0.1439
    [Stacking-direct] h=7 元学习器系数=[ 0.176  0.898 -0.127] 截距=-0.1403

  --- 多输出预测 ---
    [集成] 简单平均 —— 对 3 个个体模型的预测取算术平均
    [Stacking-multi] h=1 元学习器系数=[ 0.343  0.806 -0.118] 截距=-0.0750
    [Stacking-multi] h=2 元学习器系数=[ 0.153  1.008 -0.127] 截距=-0.1048
    [Stacking-multi] h=3 元学习器系数=[ 0.231  0.929 -0.158] 截距=-0.1243
    [Stacking-multi] h=4 元学习器系数=[ 0.287  0.931 -0.238] 截距=-0.1365
    [Stacking-multi] h=5 元学习器系数=[ 0.329  0.908 -0.266] 截距=-0.1354
    [Stacking-multi] h=6 元学习器系数=[ 0.197  0.979 -0.226] 截距=-0.1383
    [Stacking-multi] h=7 元学习器系数=[ 0.173  0.968 -0.227] 截距=-0.1492

【3. 模型精度评价】

【多输出预测策略 · 汇总指标（1~7 天拼接）】
              模型    RMSE    MAE     NSE     R2  PBIAS(%)                NSE等级
人工神经网络 (ANN/MLP) 1017.16 516.99 -0.4469 0.0892     15.46 不满意 (Unsatisfactory)
       随机森林 (RF)  764.84 370.80  0.1819 0.1992    -14.07 不满意 (Unsatisfactory)
  长短期记忆网络 (LSTM)  855.59 405.06 -0.0238 0.0713    -35.08 不满意 (Unsatisfactory)
          简单平均集成  799.00 397.02  0.1072 0.1478    -11.23 不满意 (Unsatisfactory)
     Stacking 集成  757.78 358.29  0.1969 0.2177    -17.81 不满意 (Unsatisfactory)
